(source_file [0, 0] - [0, 27]
  (comment [0, 0] - [0, 27]))
